// Jest Snapshot v1, https://goo.gl/fbAQLP

exports[`Render component should match rendered component with snapshot 1`] = `null`;
